max_provinces = 2423
# stats:  2422 provinces
# unused:
definitions = "definition.csv"
provinces = "provinces.bmp"
positions = "positions.txt"
terrain = "terrain.bmp"
rivers = "rivers.bmp"
terrain_definition = "terrain.txt"
heightmap = "topology.bmp"
tree_definition = "trees.bmp"
continent = "continent.txt"
adjacencies = "adjacencies.csv"
climate = "climate.txt"
region = "island_region.txt"
geographical_region = "geographical_region.txt"
static = "statics"
seasons = "seasons.txt"

sea_zones = { 1819 2065 }
sea_zones = { 2066 2081 }
sea_zones = { 2170 2179 }
sea_zones = { 2180 2206 }

ocean_region = {	# Main Ocean
	sea_zones = { 1 }
}

ocean_region = {	# Lakes
	sea_zones = { 2 }
}

ocean_region = {	# Skaven Inner Ocean
	sea_zones = { 3 }
}

ocean_region = {	# Second Ocean
	sea_zones = { 4 }
}

# Define which indices in trees.bmp palette which should count as trees for automatic terrain assignment
tree = { 3 4 7 10 }

major_rivers = 
{
	# Main Ocean
	1819 1821 1822 1823 1824  #Amaxon River
	1914  #Halkildfjord
	1874 1927  #Korv Ozero and Drakflojt
	1954 1955  #River Aver
	1959  #River Brienne
	1960  #River Dypvann
	1961 1962 1963  #River Grismerie
	1964  #River Guadariz
	1966  #River Kwitanga
	1967  #River Lambada
	1973  #River Olimen
	1974 1975  #River Phrates
	1976 1977  #River Qurveza
	1985  #River Reik
	1991  #River Sannez
	1992  #River Soll
	1995  #River Starnek
	1997 1998  #River Stir
	1999 2002  #River Talabec
	2003  #River Talebec
	2004  #River Tarmos
	2005  #River Tigis
	2010 2011  #River Urskoy
	2007 2008 2009  #Rivers Tobol and Tolsol

	# Lakes
	
	# Skaven Inner Ocean
	
	# Second Ocean
	
}